// Jest Snapshot v1, https://goo.gl/fbAQLP

exports[`Tests for fullscript container renders correctly 1`] = `
Array [
  <div
    className="SearchControl-root-1"
  >
    <div
      className="MuiFormGroup-root-3 MuiFormGroup-row-4"
    >
      <div
        className="MuiFormControl-root-5 SearchControl-formControl-2"
      >
        <label
          className="MuiFormControlLabel-root-9"
        >
          <span
            className="MuiSwitch-root-15"
          >
            <span
              className="MuiButtonBase-root-34 MuiIconButton-root-28 MuiPrivateSwitchBase-root-24 MuiSwitch-switchBase-18 MuiSwitch-colorPrimary-20 MuiPrivateSwitchBase-checked-25 MuiSwitch-checked-19"
              onBlur={[Function]}
              onContextMenu={[Function]}
              onFocus={[Function]}
              onKeyDown={[Function]}
              onKeyUp={[Function]}
              onMouseDown={[Function]}
              onMouseLeave={[Function]}
              onMouseUp={[Function]}
              onTouchEnd={[Function]}
              onTouchMove={[Function]}
              onTouchStart={[Function]}
              tabIndex={null}
            >
              <span
                className="MuiIconButton-label-33"
              >
                <span
                  className="MuiSwitch-icon-16 MuiSwitch-iconChecked-17"
                />
                <input
                  checked={true}
                  className="MuiPrivateSwitchBase-input-27"
                  disabled={false}
                  onChange={[Function]}
                  type="checkbox"
                  value="immediateSearch"
                />
              </span>
              <span
                className="MuiTouchRipple-root-121"
              />
            </span>
            <span
              className="MuiSwitch-bar-23"
            />
          </span>
          <span
            className="MuiTypography-root-37 MuiTypography-body1-46 MuiFormControlLabel-label-14"
          >
            Search while typing
          </span>
        </label>
      </div>
      <div
        className="MuiFormControl-root-5 MuiFormControl-marginNormal-6"
        style={
          Object {
            "padding": 24,
          }
        }
      >
        <label
          className="MuiFormLabel-root-84 MuiInputLabel-root-73 MuiInputLabel-formControl-78 MuiInputLabel-animated-81"
          data-shrink={false}
          htmlFor="searchInput"
        >
          Search Query
        </label>
        <div
          className="MuiInputBase-root-104 MuiInput-root-91 MuiInput-underline-95 MuiInputBase-formControl-105 MuiInput-formControl-92"
          onClick={[Function]}
        >
          <input
            aria-invalid={false}
            className="MuiInputBase-input-114 MuiInput-input-99"
            disabled={false}
            id="searchInput"
            onBlur={[Function]}
            onChange={[Function]}
            onFocus={[Function]}
            placeholder="Search for Photos"
            required={false}
            type="text"
            value=""
          />
        </div>
      </div>
      
    </div>
  </div>,
  "No Photos yet",
]
`;
