// Jest Snapshot v1, https://goo.gl/fbAQLP

exports[`Tests for Search controls renders correctly 1`] = `null`;
